[2022-10-24T16:18:52.464+0300][gc,heap] Heap region size: 1M
[2022-10-24T16:18:52.472+0300][gc     ] Using G1
[2022-10-24T16:18:52.472+0300][gc,heap,coops] Heap address: 0x00000000c0000000, size: 1024 MB, Compressed Oops mode: 32-bit
[2022-10-24T16:18:52.491+0300][gc           ] Periodic GC disabled
[2022-10-24T16:18:53.240+0300][gc,start     ] GC(0) Pause Young (Concurrent Start) (Metadata GC Threshold)
[2022-10-24T16:18:53.240+0300][gc,task      ] GC(0) Using 4 workers of 4 for evacuation
[2022-10-24T16:18:53.247+0300][gc,phases    ] GC(0)   Pre Evacuate Collection Set: 0,1ms
[2022-10-24T16:18:53.247+0300][gc,phases    ] GC(0)   Evacuate Collection Set: 6,2ms
[2022-10-24T16:18:53.247+0300][gc,phases    ] GC(0)   Post Evacuate Collection Set: 0,5ms
[2022-10-24T16:18:53.247+0300][gc,phases    ] GC(0)   Other: 0,5ms
[2022-10-24T16:18:53.247+0300][gc,heap      ] GC(0) Eden regions: 48->0(44)
[2022-10-24T16:18:53.247+0300][gc,heap      ] GC(0) Survivor regions: 0->7(7)
[2022-10-24T16:18:53.247+0300][gc,heap      ] GC(0) Old regions: 0->0
[2022-10-24T16:18:53.247+0300][gc,heap      ] GC(0) Archive regions: 0->0
[2022-10-24T16:18:53.247+0300][gc,heap      ] GC(0) Humongous regions: 0->0
[2022-10-24T16:18:53.247+0300][gc,metaspace ] GC(0) Metaspace: 20735K->20735K(1069056K)
[2022-10-24T16:18:53.247+0300][gc           ] GC(0) Pause Young (Concurrent Start) (Metadata GC Threshold) 47M->6M(1024M) 7,380ms
[2022-10-24T16:18:53.247+0300][gc,cpu       ] GC(0) User=0,01s Sys=0,00s Real=0,01s
[2022-10-24T16:18:53.247+0300][gc           ] GC(1) Concurrent Cycle
[2022-10-24T16:18:53.247+0300][gc,marking   ] GC(1) Concurrent Clear Claimed Marks
[2022-10-24T16:18:53.247+0300][gc,marking   ] GC(1) Concurrent Clear Claimed Marks 0,028ms
[2022-10-24T16:18:53.247+0300][gc,marking   ] GC(1) Concurrent Scan Root Regions
[2022-10-24T16:18:53.250+0300][gc,marking   ] GC(1) Concurrent Scan Root Regions 2,449ms
[2022-10-24T16:18:53.250+0300][gc,marking   ] GC(1) Concurrent Mark (0,788s)
[2022-10-24T16:18:53.250+0300][gc,marking   ] GC(1) Concurrent Mark From Roots
[2022-10-24T16:18:53.250+0300][gc,task      ] GC(1) Using 1 workers of 1 for marking
[2022-10-24T16:18:53.251+0300][gc,marking   ] GC(1) Concurrent Mark From Roots 0,975ms
[2022-10-24T16:18:53.251+0300][gc,marking   ] GC(1) Concurrent Preclean
[2022-10-24T16:18:53.251+0300][gc,marking   ] GC(1) Concurrent Preclean 0,071ms
[2022-10-24T16:18:53.251+0300][gc,marking   ] GC(1) Concurrent Mark (0,788s, 0,789s) 1,109ms
[2022-10-24T16:18:53.251+0300][gc,start     ] GC(1) Pause Remark
[2022-10-24T16:18:53.253+0300][gc           ] GC(1) Pause Remark 7M->7M(1024M) 1,637ms
[2022-10-24T16:18:53.253+0300][gc,cpu       ] GC(1) User=0,01s Sys=0,00s Real=0,00s
[2022-10-24T16:18:53.253+0300][gc,marking   ] GC(1) Concurrent Rebuild Remembered Sets
[2022-10-24T16:18:53.257+0300][gc,marking   ] GC(1) Concurrent Rebuild Remembered Sets 4,052ms
[2022-10-24T16:18:53.257+0300][gc,start     ] GC(1) Pause Cleanup
[2022-10-24T16:18:53.257+0300][gc           ] GC(1) Pause Cleanup 7M->7M(1024M) 0,180ms
[2022-10-24T16:18:53.257+0300][gc,cpu       ] GC(1) User=0,00s Sys=0,00s Real=0,00s
[2022-10-24T16:18:53.257+0300][gc,marking   ] GC(1) Concurrent Cleanup for Next Mark
[2022-10-24T16:18:53.267+0300][gc,marking   ] GC(1) Concurrent Cleanup for Next Mark 9,089ms
[2022-10-24T16:18:53.267+0300][gc           ] GC(1) Concurrent Cycle 19,814ms
[2022-10-24T16:18:53.811+0300][gc,start     ] GC(2) Pause Young (Normal) (G1 Evacuation Pause)
[2022-10-24T16:18:53.811+0300][gc,task      ] GC(2) Using 4 workers of 4 for evacuation
[2022-10-24T16:18:53.818+0300][gc,phases    ] GC(2)   Pre Evacuate Collection Set: 0,0ms
[2022-10-24T16:18:53.818+0300][gc,phases    ] GC(2)   Evacuate Collection Set: 5,9ms
[2022-10-24T16:18:53.818+0300][gc,phases    ] GC(2)   Post Evacuate Collection Set: 0,6ms
[2022-10-24T16:18:53.818+0300][gc,phases    ] GC(2)   Other: 0,2ms
[2022-10-24T16:18:53.818+0300][gc,heap      ] GC(2) Eden regions: 44->0(49)
[2022-10-24T16:18:53.818+0300][gc,heap      ] GC(2) Survivor regions: 7->2(7)
[2022-10-24T16:18:53.818+0300][gc,heap      ] GC(2) Old regions: 0->7
[2022-10-24T16:18:53.818+0300][gc,heap      ] GC(2) Archive regions: 0->0
[2022-10-24T16:18:53.818+0300][gc,heap      ] GC(2) Humongous regions: 0->0
[2022-10-24T16:18:53.818+0300][gc,metaspace ] GC(2) Metaspace: 29432K->29432K(1075200K)
[2022-10-24T16:18:53.818+0300][gc           ] GC(2) Pause Young (Normal) (G1 Evacuation Pause) 50M->8M(1024M) 6,972ms
[2022-10-24T16:18:53.818+0300][gc,cpu       ] GC(2) User=0,02s Sys=0,00s Real=0,01s
[2022-10-24T16:18:54.076+0300][gc,start     ] GC(3) Pause Young (Concurrent Start) (Metadata GC Threshold)
[2022-10-24T16:18:54.076+0300][gc,task      ] GC(3) Using 4 workers of 4 for evacuation
[2022-10-24T16:18:54.079+0300][gc,phases    ] GC(3)   Pre Evacuate Collection Set: 0,1ms
[2022-10-24T16:18:54.079+0300][gc,phases    ] GC(3)   Evacuate Collection Set: 2,0ms
[2022-10-24T16:18:54.079+0300][gc,phases    ] GC(3)   Post Evacuate Collection Set: 0,4ms
[2022-10-24T16:18:54.079+0300][gc,phases    ] GC(3)   Other: 0,2ms
[2022-10-24T16:18:54.079+0300][gc,heap      ] GC(3) Eden regions: 31->0(48)
[2022-10-24T16:18:54.079+0300][gc,heap      ] GC(3) Survivor regions: 2->3(7)
[2022-10-24T16:18:54.079+0300][gc,heap      ] GC(3) Old regions: 7->7
[2022-10-24T16:18:54.079+0300][gc,heap      ] GC(3) Archive regions: 0->0
[2022-10-24T16:18:54.079+0300][gc,heap      ] GC(3) Humongous regions: 129->129
[2022-10-24T16:18:54.079+0300][gc,metaspace ] GC(3) Metaspace: 34888K->34888K(1081344K)
[2022-10-24T16:18:54.079+0300][gc           ] GC(3) Pause Young (Concurrent Start) (Metadata GC Threshold) 168M->138M(1024M) 2,801ms
[2022-10-24T16:18:54.079+0300][gc,cpu       ] GC(3) User=0,01s Sys=0,00s Real=0,00s
[2022-10-24T16:18:54.079+0300][gc           ] GC(4) Concurrent Cycle
[2022-10-24T16:18:54.079+0300][gc,marking   ] GC(4) Concurrent Clear Claimed Marks
[2022-10-24T16:18:54.079+0300][gc,marking   ] GC(4) Concurrent Clear Claimed Marks 0,047ms
[2022-10-24T16:18:54.079+0300][gc,marking   ] GC(4) Concurrent Scan Root Regions
[2022-10-24T16:18:54.081+0300][gc,marking   ] GC(4) Concurrent Scan Root Regions 2,227ms
[2022-10-24T16:18:54.081+0300][gc,marking   ] GC(4) Concurrent Mark (1,620s)
[2022-10-24T16:18:54.081+0300][gc,marking   ] GC(4) Concurrent Mark From Roots
[2022-10-24T16:18:54.081+0300][gc,task      ] GC(4) Using 1 workers of 1 for marking
[2022-10-24T16:18:54.090+0300][gc,marking   ] GC(4) Concurrent Mark From Roots 8,633ms
[2022-10-24T16:18:54.090+0300][gc,marking   ] GC(4) Concurrent Preclean
[2022-10-24T16:18:54.090+0300][gc,marking   ] GC(4) Concurrent Preclean 0,114ms
[2022-10-24T16:18:54.090+0300][gc,marking   ] GC(4) Concurrent Mark (1,620s, 1,628s) 8,807ms
[2022-10-24T16:18:54.090+0300][gc,start     ] GC(4) Pause Remark
[2022-10-24T16:18:54.092+0300][gc           ] GC(4) Pause Remark 140M->140M(1024M) 1,929ms
[2022-10-24T16:18:54.092+0300][gc,cpu       ] GC(4) User=0,01s Sys=0,00s Real=0,00s
[2022-10-24T16:18:54.092+0300][gc,marking   ] GC(4) Concurrent Rebuild Remembered Sets
[2022-10-24T16:18:54.096+0300][gc,marking   ] GC(4) Concurrent Rebuild Remembered Sets 3,810ms
[2022-10-24T16:18:54.096+0300][gc,start     ] GC(4) Pause Cleanup
[2022-10-24T16:18:54.096+0300][gc           ] GC(4) Pause Cleanup 141M->141M(1024M) 0,119ms
[2022-10-24T16:18:54.096+0300][gc,cpu       ] GC(4) User=0,00s Sys=0,00s Real=0,00s
[2022-10-24T16:18:54.096+0300][gc,marking   ] GC(4) Concurrent Cleanup for Next Mark
[2022-10-24T16:18:54.109+0300][gc,marking   ] GC(4) Concurrent Cleanup for Next Mark 12,370ms
[2022-10-24T16:18:54.109+0300][gc           ] GC(4) Concurrent Cycle 29,921ms
[2022-10-24T16:18:54.670+0300][gc,start     ] GC(5) Pause Young (Normal) (G1 Evacuation Pause)
[2022-10-24T16:18:54.670+0300][gc,task      ] GC(5) Using 4 workers of 4 for evacuation
[2022-10-24T16:18:54.680+0300][gc,phases    ] GC(5)   Pre Evacuate Collection Set: 0,1ms
[2022-10-24T16:18:54.680+0300][gc,phases    ] GC(5)   Evacuate Collection Set: 8,8ms
[2022-10-24T16:18:54.680+0300][gc,phases    ] GC(5)   Post Evacuate Collection Set: 0,5ms
[2022-10-24T16:18:54.680+0300][gc,phases    ] GC(5)   Other: 0,2ms
[2022-10-24T16:18:54.680+0300][gc,heap      ] GC(5) Eden regions: 48->0(45)
[2022-10-24T16:18:54.680+0300][gc,heap      ] GC(5) Survivor regions: 3->6(7)
[2022-10-24T16:18:54.680+0300][gc,heap      ] GC(5) Old regions: 7->7
[2022-10-24T16:18:54.680+0300][gc,heap      ] GC(5) Archive regions: 0->0
[2022-10-24T16:18:54.680+0300][gc,heap      ] GC(5) Humongous regions: 129->129
[2022-10-24T16:18:54.680+0300][gc,metaspace ] GC(5) Metaspace: 42481K->42481K(1087488K)
[2022-10-24T16:18:54.680+0300][gc           ] GC(5) Pause Young (Normal) (G1 Evacuation Pause) 186M->141M(1024M) 9,652ms
[2022-10-24T16:18:54.680+0300][gc,cpu       ] GC(5) User=0,03s Sys=0,00s Real=0,01s
[2022-10-24T16:44:23.838+0300][gc,start     ] GC(6) Pause Young (Normal) (G1 Evacuation Pause)
[2022-10-24T16:44:23.838+0300][gc,task      ] GC(6) Using 4 workers of 4 for evacuation
[2022-10-24T16:44:23.860+0300][gc,mmu       ] GC(6) MMU target violated: 21,0ms (20,0ms/21,0ms)
[2022-10-24T16:44:23.860+0300][gc,phases    ] GC(6)   Pre Evacuate Collection Set: 0,1ms
[2022-10-24T16:44:23.860+0300][gc,phases    ] GC(6)   Evacuate Collection Set: 20,5ms
[2022-10-24T16:44:23.860+0300][gc,phases    ] GC(6)   Post Evacuate Collection Set: 1,1ms
[2022-10-24T16:44:23.860+0300][gc,phases    ] GC(6)   Other: 0,6ms
[2022-10-24T16:44:23.860+0300][gc,heap      ] GC(6) Eden regions: 45->0(45)
[2022-10-24T16:44:23.860+0300][gc,heap      ] GC(6) Survivor regions: 6->6(7)
[2022-10-24T16:44:23.860+0300][gc,heap      ] GC(6) Old regions: 7->9
[2022-10-24T16:44:23.860+0300][gc,heap      ] GC(6) Archive regions: 0->0
[2022-10-24T16:44:23.860+0300][gc,heap      ] GC(6) Humongous regions: 129->129
[2022-10-24T16:44:23.860+0300][gc,metaspace ] GC(6) Metaspace: 48909K->48909K(1093632K)
[2022-10-24T16:44:23.861+0300][gc           ] GC(6) Pause Young (Normal) (G1 Evacuation Pause) 186M->143M(1024M) 22,514ms
[2022-10-24T16:44:23.861+0300][gc,cpu       ] GC(6) User=0,08s Sys=0,00s Real=0,02s
[2022-10-24T17:05:57.838+0300][gc,start     ] GC(7) Pause Young (Normal) (G1 Evacuation Pause)
[2022-10-24T17:05:57.838+0300][gc,task      ] GC(7) Using 4 workers of 4 for evacuation
[2022-10-24T17:05:57.856+0300][gc,phases    ] GC(7)   Pre Evacuate Collection Set: 0,1ms
[2022-10-24T17:05:57.856+0300][gc,phases    ] GC(7)   Evacuate Collection Set: 15,7ms
[2022-10-24T17:05:57.856+0300][gc,phases    ] GC(7)   Post Evacuate Collection Set: 1,8ms
[2022-10-24T17:05:57.856+0300][gc,phases    ] GC(7)   Other: 0,3ms
[2022-10-24T17:05:57.856+0300][gc,heap      ] GC(7) Eden regions: 45->0(47)
[2022-10-24T17:05:57.856+0300][gc,heap      ] GC(7) Survivor regions: 6->4(7)
[2022-10-24T17:05:57.856+0300][gc,heap      ] GC(7) Old regions: 9->13
[2022-10-24T17:05:57.856+0300][gc,heap      ] GC(7) Archive regions: 0->0
[2022-10-24T17:05:57.856+0300][gc,heap      ] GC(7) Humongous regions: 129->129
[2022-10-24T17:05:57.856+0300][gc,metaspace ] GC(7) Metaspace: 51131K->51131K(1095680K)
[2022-10-24T17:05:57.856+0300][gc           ] GC(7) Pause Young (Normal) (G1 Evacuation Pause) 188M->144M(1024M) 18,045ms
[2022-10-24T17:05:57.856+0300][gc,cpu       ] GC(7) User=0,05s Sys=0,00s Real=0,02s
