[2022-10-24T16:17:57.947+0300][gc,heap] Heap region size: 1M
[2022-10-24T16:17:57.952+0300][gc     ] Using G1
[2022-10-24T16:17:57.952+0300][gc,heap,coops] Heap address: 0x00000000e0000000, size: 512 MB, Compressed Oops mode: 32-bit
[2022-10-24T16:17:57.970+0300][gc           ] Periodic GC disabled
[2022-10-24T16:17:58.553+0300][gc,start     ] GC(0) Pause Young (Normal) (G1 Evacuation Pause)
[2022-10-24T16:17:58.553+0300][gc,task      ] GC(0) Using 4 workers of 4 for evacuation
[2022-10-24T16:17:58.559+0300][gc,phases    ] GC(0)   Pre Evacuate Collection Set: 0,0ms
[2022-10-24T16:17:58.559+0300][gc,phases    ] GC(0)   Evacuate Collection Set: 4,6ms
[2022-10-24T16:17:58.559+0300][gc,phases    ] GC(0)   Post Evacuate Collection Set: 1,0ms
[2022-10-24T16:17:58.559+0300][gc,phases    ] GC(0)   Other: 0,4ms
[2022-10-24T16:17:58.559+0300][gc,heap      ] GC(0) Eden regions: 25->0(21)
[2022-10-24T16:17:58.559+0300][gc,heap      ] GC(0) Survivor regions: 0->4(4)
[2022-10-24T16:17:58.559+0300][gc,heap      ] GC(0) Old regions: 0->4
[2022-10-24T16:17:58.559+0300][gc,heap      ] GC(0) Archive regions: 0->0
[2022-10-24T16:17:58.559+0300][gc,heap      ] GC(0) Humongous regions: 0->0
[2022-10-24T16:17:58.559+0300][gc,metaspace ] GC(0) Metaspace: 14980K->14980K(1062912K)
[2022-10-24T16:17:58.559+0300][gc           ] GC(0) Pause Young (Normal) (G1 Evacuation Pause) 25M->7M(512M) 6,164ms
[2022-10-24T16:17:58.559+0300][gc,cpu       ] GC(0) User=0,01s Sys=0,01s Real=0,00s
